Archive member included to satisfy reference by file (symbol)

/home/student/eclipse-workspace/Stellaris_LaunchPad/SW-EK-LM4F120XL-9453/driverlib/gcc/libdriver.a(sysctl.o)
                              ./SW-EK-LM4F120XL-9453/utils/uartstdio.o (SysCtlPeripheralPresent)
/home/student/eclipse-workspace/Stellaris_LaunchPad/SW-EK-LM4F120XL-9453/driverlib/gcc/libdriver.a(uart.o)
                              ./SW-EK-LM4F120XL-9453/utils/uartstdio.o (UARTEnable)
/home/student/eclipse-workspace/Stellaris_LaunchPad/SW-EK-LM4F120XL-9453/driverlib/gcc/libdriver.a(cpu.o)
                              /home/student/eclipse-workspace/Stellaris_LaunchPad/SW-EK-LM4F120XL-9453/driverlib/gcc/libdriver.a(sysctl.o) (CPUwfi)
/home/student/eclipse-workspace/Stellaris_LaunchPad/SW-EK-LM4F120XL-9453/driverlib/gcc/libdriver.a(interrupt.o)
                              /home/student/eclipse-workspace/Stellaris_LaunchPad/SW-EK-LM4F120XL-9453/driverlib/gcc/libdriver.a(sysctl.o) (IntRegister)
/usr/lib/gcc/arm-none-eabi/5.4.1/../../../arm-none-eabi/lib/armv7e-m/softfp/libg.a(lib_a-atexit.o)
                              /usr/lib/gcc/arm-none-eabi/5.4.1/../../../arm-none-eabi/lib/armv7e-m/softfp/crt0.o (atexit)
/usr/lib/gcc/arm-none-eabi/5.4.1/../../../arm-none-eabi/lib/armv7e-m/softfp/libg.a(lib_a-exit.o)
                              /usr/lib/gcc/arm-none-eabi/5.4.1/../../../arm-none-eabi/lib/armv7e-m/softfp/crt0.o (exit)
/usr/lib/gcc/arm-none-eabi/5.4.1/../../../arm-none-eabi/lib/armv7e-m/softfp/libg.a(lib_a-fini.o)
                              /usr/lib/gcc/arm-none-eabi/5.4.1/../../../arm-none-eabi/lib/armv7e-m/softfp/crt0.o (__libc_fini_array)
/usr/lib/gcc/arm-none-eabi/5.4.1/../../../arm-none-eabi/lib/armv7e-m/softfp/libg.a(lib_a-impure.o)
                              /usr/lib/gcc/arm-none-eabi/5.4.1/../../../arm-none-eabi/lib/armv7e-m/softfp/libg.a(lib_a-exit.o) (_global_impure_ptr)
/usr/lib/gcc/arm-none-eabi/5.4.1/../../../arm-none-eabi/lib/armv7e-m/softfp/libg.a(lib_a-init.o)
                              /usr/lib/gcc/arm-none-eabi/5.4.1/../../../arm-none-eabi/lib/armv7e-m/softfp/crt0.o (__libc_init_array)
/usr/lib/gcc/arm-none-eabi/5.4.1/../../../arm-none-eabi/lib/armv7e-m/softfp/libg.a(lib_a-memset.o)
                              /usr/lib/gcc/arm-none-eabi/5.4.1/../../../arm-none-eabi/lib/armv7e-m/softfp/crt0.o (memset)
/usr/lib/gcc/arm-none-eabi/5.4.1/../../../arm-none-eabi/lib/armv7e-m/softfp/libg.a(lib_a-__atexit.o)
                              /usr/lib/gcc/arm-none-eabi/5.4.1/../../../arm-none-eabi/lib/armv7e-m/softfp/libg.a(lib_a-atexit.o) (__register_exitproc)
/usr/lib/gcc/arm-none-eabi/5.4.1/../../../arm-none-eabi/lib/armv7e-m/softfp/libg.a(lib_a-__call_atexit.o)
                              /usr/lib/gcc/arm-none-eabi/5.4.1/../../../arm-none-eabi/lib/armv7e-m/softfp/libg.a(lib_a-exit.o) (__call_exitprocs)

Discarded input sections

 .text          0x0000000000000000        0x0 /usr/lib/gcc/arm-none-eabi/5.4.1/armv7e-m/softfp/crti.o
 .data          0x0000000000000000        0x0 /usr/lib/gcc/arm-none-eabi/5.4.1/armv7e-m/softfp/crti.o
 .bss           0x0000000000000000        0x0 /usr/lib/gcc/arm-none-eabi/5.4.1/armv7e-m/softfp/crti.o
 .text          0x0000000000000000       0xa4 /usr/lib/gcc/arm-none-eabi/5.4.1/armv7e-m/softfp/crtbegin.o
 .data          0x0000000000000000        0x4 /usr/lib/gcc/arm-none-eabi/5.4.1/armv7e-m/softfp/crtbegin.o
 .bss           0x0000000000000000       0x1c /usr/lib/gcc/arm-none-eabi/5.4.1/armv7e-m/softfp/crtbegin.o
 .init_array    0x0000000000000000        0x4 /usr/lib/gcc/arm-none-eabi/5.4.1/armv7e-m/softfp/crtbegin.o
 .fini_array    0x0000000000000000        0x4 /usr/lib/gcc/arm-none-eabi/5.4.1/armv7e-m/softfp/crtbegin.o
 .eh_frame      0x0000000000000000        0x0 /usr/lib/gcc/arm-none-eabi/5.4.1/armv7e-m/softfp/crtbegin.o
 .jcr           0x0000000000000000        0x0 /usr/lib/gcc/arm-none-eabi/5.4.1/armv7e-m/softfp/crtbegin.o
 .tm_clone_table
                0x0000000000000000        0x0 /usr/lib/gcc/arm-none-eabi/5.4.1/armv7e-m/softfp/crtbegin.o
 .comment       0x0000000000000000       0x2c /usr/lib/gcc/arm-none-eabi/5.4.1/armv7e-m/softfp/crtbegin.o
 .ARM.attributes
                0x0000000000000000       0x32 /usr/lib/gcc/arm-none-eabi/5.4.1/armv7e-m/softfp/crtbegin.o
 .text          0x0000000000000000       0x68 /usr/lib/gcc/arm-none-eabi/5.4.1/../../../arm-none-eabi/lib/armv7e-m/softfp/crt0.o
 .data          0x0000000000000000        0x0 /usr/lib/gcc/arm-none-eabi/5.4.1/../../../arm-none-eabi/lib/armv7e-m/softfp/crt0.o
 .bss           0x0000000000000000        0x0 /usr/lib/gcc/arm-none-eabi/5.4.1/../../../arm-none-eabi/lib/armv7e-m/softfp/crt0.o
 .ARM.extab     0x0000000000000000        0x0 /usr/lib/gcc/arm-none-eabi/5.4.1/../../../arm-none-eabi/lib/armv7e-m/softfp/crt0.o
 .ARM.exidx     0x0000000000000000        0x8 /usr/lib/gcc/arm-none-eabi/5.4.1/../../../arm-none-eabi/lib/armv7e-m/softfp/crt0.o
 .debug_line    0x0000000000000000       0x7e /usr/lib/gcc/arm-none-eabi/5.4.1/../../../arm-none-eabi/lib/armv7e-m/softfp/crt0.o
 .debug_info    0x0000000000000000       0xa8 /usr/lib/gcc/arm-none-eabi/5.4.1/../../../arm-none-eabi/lib/armv7e-m/softfp/crt0.o
 .debug_abbrev  0x0000000000000000       0x14 /usr/lib/gcc/arm-none-eabi/5.4.1/../../../arm-none-eabi/lib/armv7e-m/softfp/crt0.o
 .debug_aranges
                0x0000000000000000       0x20 /usr/lib/gcc/arm-none-eabi/5.4.1/../../../arm-none-eabi/lib/armv7e-m/softfp/crt0.o
 .ARM.attributes
                0x0000000000000000       0x20 /usr/lib/gcc/arm-none-eabi/5.4.1/../../../arm-none-eabi/lib/armv7e-m/softfp/crt0.o
 .group         0x0000000000000000        0x8 ./src/LCD1602.o
 .group         0x0000000000000000        0x8 ./src/LCD1602.o
 .group         0x0000000000000000        0x8 ./src/LCD1602.o
 .group         0x0000000000000000        0x8 ./src/LCD1602.o
 .group         0x0000000000000000        0x8 ./src/LCD1602.o
 .group         0x0000000000000000        0x8 ./src/LCD1602.o
 .group         0x0000000000000000        0x8 ./src/LCD1602.o
 .group         0x0000000000000000        0x8 ./src/LCD1602.o
 .group         0x0000000000000000        0x8 ./src/LCD1602.o
 .group         0x0000000000000000        0x8 ./src/LCD1602.o
 .group         0x0000000000000000        0x8 ./src/LCD1602.o
 .group         0x0000000000000000        0x8 ./src/LCD1602.o
 .group         0x0000000000000000        0x8 ./src/LCD1602.o
 .group         0x0000000000000000        0x8 ./src/LCD1602.o
 .group         0x0000000000000000        0x8 ./src/LCD1602.o
 .group         0x0000000000000000        0x8 ./src/LCD1602.o
 .group         0x0000000000000000        0x8 ./src/LCD1602.o
 .group         0x0000000000000000        0x8 ./src/LCD1602.o
 .group         0x0000000000000000        0x8 ./src/LCD1602.o
 .group         0x0000000000000000        0x8 ./src/LCD1602.o
 .group         0x0000000000000000        0x8 ./src/LCD1602.o
 .group         0x0000000000000000        0x8 ./src/LCD1602.o
 .group         0x0000000000000000        0x8 ./src/LCD1602.o
 .group         0x0000000000000000        0x8 ./src/LCD1602.o
 .group         0x0000000000000000        0x8 ./src/LCD1602.o
 .group         0x0000000000000000        0x8 ./src/LCD1602.o
 .group         0x0000000000000000        0x8 ./src/LCD1602.o
 .group         0x0000000000000000        0x8 ./src/LCD1602.o
 .group         0x0000000000000000        0x8 ./src/LCD1602.o
 .group         0x0000000000000000        0x8 ./src/LCD1602.o
 .group         0x0000000000000000        0x8 ./src/LCD1602.o
 .text          0x0000000000000000        0x0 ./src/LCD1602.o
 .data          0x0000000000000000        0x0 ./src/LCD1602.o
 .bss           0x0000000000000000        0x0 ./src/LCD1602.o
 .text.LCD1602_Clear
                0x0000000000000000       0x10 ./src/LCD1602.o
 .text.LCD1602_DisplayChar
                0x0000000000000000       0x1c ./src/LCD1602.o
 .text.LCD1602_DisplayDec
                0x0000000000000000       0x50 ./src/LCD1602.o
 .text.fputc    0x0000000000000000       0x40 ./src/LCD1602.o
 .group         0x0000000000000000        0x8 ./src/PLL_80MHZ.o
 .group         0x0000000000000000        0x8 ./src/PLL_80MHZ.o
 .group         0x0000000000000000        0x8 ./src/PLL_80MHZ.o
 .group         0x0000000000000000        0x8 ./src/PLL_80MHZ.o
 .group         0x0000000000000000        0x8 ./src/PLL_80MHZ.o
 .group         0x0000000000000000        0x8 ./src/PLL_80MHZ.o
 .group         0x0000000000000000        0x8 ./src/PLL_80MHZ.o
 .group         0x0000000000000000        0x8 ./src/PLL_80MHZ.o
 .text          0x0000000000000000        0x0 ./src/PLL_80MHZ.o
 .data          0x0000000000000000        0x0 ./src/PLL_80MHZ.o
 .bss           0x0000000000000000        0x0 ./src/PLL_80MHZ.o
 .debug_macro   0x0000000000000000      0x880 ./src/PLL_80MHZ.o
 .debug_macro   0x0000000000000000       0x22 ./src/PLL_80MHZ.o
 .debug_macro   0x0000000000000000       0x87 ./src/PLL_80MHZ.o
 .debug_macro   0x0000000000000000       0x44 ./src/PLL_80MHZ.o
 .debug_macro   0x0000000000000000       0xfd ./src/PLL_80MHZ.o
 .debug_macro   0x0000000000000000       0x5e ./src/PLL_80MHZ.o
 .debug_macro   0x0000000000000000      0x1df ./src/PLL_80MHZ.o
 .debug_macro   0x0000000000000000     0x8fd8 ./src/PLL_80MHZ.o
 .group         0x0000000000000000        0x8 ./src/SYSTICK.o
 .group         0x0000000000000000        0x8 ./src/SYSTICK.o
 .group         0x0000000000000000        0x8 ./src/SYSTICK.o
 .group         0x0000000000000000        0x8 ./src/SYSTICK.o
 .group         0x0000000000000000        0x8 ./src/SYSTICK.o
 .group         0x0000000000000000        0x8 ./src/SYSTICK.o
 .group         0x0000000000000000        0x8 ./src/SYSTICK.o
 .group         0x0000000000000000        0x8 ./src/SYSTICK.o
 .text          0x0000000000000000        0x0 ./src/SYSTICK.o
 .data          0x0000000000000000        0x0 ./src/SYSTICK.o
 .bss           0x0000000000000000        0x0 ./src/SYSTICK.o
 .debug_macro   0x0000000000000000      0x880 ./src/SYSTICK.o
 .debug_macro   0x0000000000000000       0x22 ./src/SYSTICK.o
 .debug_macro   0x0000000000000000       0x87 ./src/SYSTICK.o
 .debug_macro   0x0000000000000000       0x44 ./src/SYSTICK.o
 .debug_macro   0x0000000000000000       0xfd ./src/SYSTICK.o
 .debug_macro   0x0000000000000000       0x5e ./src/SYSTICK.o
 .debug_macro   0x0000000000000000      0x1df ./src/SYSTICK.o
 .debug_macro   0x0000000000000000     0x8fd8 ./src/SYSTICK.o
 .group         0x0000000000000000        0x8 ./src/main.o
 .group         0x0000000000000000        0x8 ./src/main.o
 .group         0x0000000000000000        0x8 ./src/main.o
 .group         0x0000000000000000        0x8 ./src/main.o
 .group         0x0000000000000000        0x8 ./src/main.o
 .group         0x0000000000000000        0x8 ./src/main.o
 .group         0x0000000000000000        0x8 ./src/main.o
 .group         0x0000000000000000        0x8 ./src/main.o
 .group         0x0000000000000000        0x8 ./src/main.o
 .group         0x0000000000000000        0x8 ./src/main.o
 .group         0x0000000000000000        0x8 ./src/main.o
 .group         0x0000000000000000        0x8 ./src/main.o
 .group         0x0000000000000000        0x8 ./src/main.o
 .group         0x0000000000000000        0x8 ./src/main.o
 .group         0x0000000000000000        0x8 ./src/main.o
 .group         0x0000000000000000        0x8 ./src/main.o
 .group         0x0000000000000000        0x8 ./src/main.o
 .group         0x0000000000000000        0x8 ./src/main.o
 .group         0x0000000000000000        0x8 ./src/main.o
 .group         0x0000000000000000        0x8 ./src/main.o
 .group         0x0000000000000000        0x8 ./src/main.o
 .group         0x0000000000000000        0x8 ./src/main.o
 .group         0x0000000000000000        0x8 ./src/main.o
 .group         0x0000000000000000        0x8 ./src/main.o
 .group         0x0000000000000000        0x8 ./src/main.o
 .group         0x0000000000000000        0x8 ./src/main.o
 .group         0x0000000000000000        0x8 ./src/main.o
 .group         0x0000000000000000        0x8 ./src/main.o
 .group         0x0000000000000000        0x8 ./src/main.o
 .group         0x0000000000000000        0x8 ./src/main.o
 .group         0x0000000000000000        0x8 ./src/main.o
 .text          0x0000000000000000        0x0 ./src/main.o
 .data          0x0000000000000000        0x0 ./src/main.o
 .bss           0x0000000000000000        0x0 ./src/main.o
 .debug_macro   0x0000000000000000      0x880 ./src/main.o
 .debug_macro   0x0000000000000000     0x8fd8 ./src/main.o
 .debug_macro   0x0000000000000000       0x22 ./src/main.o
 .debug_macro   0x0000000000000000       0x87 ./src/main.o
 .debug_macro   0x0000000000000000       0x44 ./src/main.o
 .debug_macro   0x0000000000000000       0xfd ./src/main.o
 .debug_macro   0x0000000000000000       0x5e ./src/main.o
 .debug_macro   0x0000000000000000      0x1df ./src/main.o
 .debug_macro   0x0000000000000000       0x52 ./src/main.o
 .debug_macro   0x0000000000000000       0x35 ./src/main.o
 .debug_macro   0x0000000000000000       0x9c ./src/main.o
 .debug_macro   0x0000000000000000       0x16 ./src/main.o
 .debug_macro   0x0000000000000000       0x97 ./src/main.o
 .debug_macro   0x0000000000000000      0x30d ./src/main.o
 .debug_macro   0x0000000000000000       0xfd ./src/main.o
 .debug_macro   0x0000000000000000       0x10 ./src/main.o
 .debug_macro   0x0000000000000000       0x52 ./src/main.o
 .debug_macro   0x0000000000000000       0x1f ./src/main.o
 .debug_macro   0x0000000000000000       0x43 ./src/main.o
 .debug_macro   0x0000000000000000       0x20 ./src/main.o
 .debug_macro   0x0000000000000000      0x187 ./src/main.o
 .debug_macro   0x0000000000000000       0x10 ./src/main.o
 .debug_macro   0x0000000000000000       0x1c ./src/main.o
 .debug_macro   0x0000000000000000       0x52 ./src/main.o
 .debug_macro   0x0000000000000000       0x40 ./src/main.o
 .debug_macro   0x0000000000000000       0x10 ./src/main.o
 .debug_macro   0x0000000000000000       0x40 ./src/main.o
 .debug_macro   0x0000000000000000       0xd7 ./src/main.o
 .debug_macro   0x0000000000000000       0x16 ./src/main.o
 .debug_macro   0x0000000000000000      0x189 ./src/main.o
 .debug_macro   0x0000000000000000       0x10 ./src/main.o
 .group         0x0000000000000000        0x8 ./src/startup_gcc.o
 .group         0x0000000000000000        0x8 ./src/startup_gcc.o
 .group         0x0000000000000000        0x8 ./src/startup_gcc.o
 .text          0x0000000000000000        0x0 ./src/startup_gcc.o
 .data          0x0000000000000000        0x0 ./src/startup_gcc.o
 .bss           0x0000000000000000        0x0 ./src/startup_gcc.o
 .debug_macro   0x0000000000000000      0x880 ./src/startup_gcc.o
 .group         0x0000000000000000        0x8 ./SW-EK-LM4F120XL-9453/utils/uartstdio.o
 .group         0x0000000000000000        0x8 ./SW-EK-LM4F120XL-9453/utils/uartstdio.o
 .group         0x0000000000000000        0x8 ./SW-EK-LM4F120XL-9453/utils/uartstdio.o
 .group         0x0000000000000000        0x8 ./SW-EK-LM4F120XL-9453/utils/uartstdio.o
 .group         0x0000000000000000        0x8 ./SW-EK-LM4F120XL-9453/utils/uartstdio.o
 .group         0x0000000000000000        0x8 ./SW-EK-LM4F120XL-9453/utils/uartstdio.o
 .group         0x0000000000000000        0x8 ./SW-EK-LM4F120XL-9453/utils/uartstdio.o
 .group         0x0000000000000000        0x8 ./SW-EK-LM4F120XL-9453/utils/uartstdio.o
 .group         0x0000000000000000        0x8 ./SW-EK-LM4F120XL-9453/utils/uartstdio.o
 .group         0x0000000000000000        0x8 ./SW-EK-LM4F120XL-9453/utils/uartstdio.o
 .group         0x0000000000000000        0x8 ./SW-EK-LM4F120XL-9453/utils/uartstdio.o
 .group         0x0000000000000000        0x8 ./SW-EK-LM4F120XL-9453/utils/uartstdio.o
 .text          0x0000000000000000        0x0 ./SW-EK-LM4F120XL-9453/utils/uartstdio.o
 .data          0x0000000000000000        0x0 ./SW-EK-LM4F120XL-9453/utils/uartstdio.o
 .bss           0x0000000000000000        0x0 ./SW-EK-LM4F120XL-9453/utils/uartstdio.o
 .bss.g_ulBase  0x0000000000000000        0x4 ./SW-EK-LM4F120XL-9453/utils/uartstdio.o
 .rodata        0x0000000000000000       0x26 ./SW-EK-LM4F120XL-9453/utils/uartstdio.o
 .rodata.g_pcHex
                0x0000000000000000        0x4 ./SW-EK-LM4F120XL-9453/utils/uartstdio.o
 .rodata.g_ulUARTBase
                0x0000000000000000        0xc ./SW-EK-LM4F120XL-9453/utils/uartstdio.o
 .rodata.g_ulUARTPeriph
                0x0000000000000000        0xc ./SW-EK-LM4F120XL-9453/utils/uartstdio.o
 .text.UARTStdioConfig
                0x0000000000000000       0x68 ./SW-EK-LM4F120XL-9453/utils/uartstdio.o
 .text.UARTStdioInit
                0x0000000000000000       0x24 ./SW-EK-LM4F120XL-9453/utils/uartstdio.o
 .text.UARTStdioInitExpClk
                0x0000000000000000       0x24 ./SW-EK-LM4F120XL-9453/utils/uartstdio.o
 .text.UARTwrite
                0x0000000000000000       0x5c ./SW-EK-LM4F120XL-9453/utils/uartstdio.o
 .text.UARTgets
                0x0000000000000000       0xdc ./SW-EK-LM4F120XL-9453/utils/uartstdio.o
 .text.UARTgetc
                0x0000000000000000       0x1c ./SW-EK-LM4F120XL-9453/utils/uartstdio.o
 .text.UARTprintf
                0x0000000000000000      0x408 ./SW-EK-LM4F120XL-9453/utils/uartstdio.o
 .bss.bLastWasCR.4477
                0x0000000000000000        0x1 ./SW-EK-LM4F120XL-9453/utils/uartstdio.o
 .debug_info    0x0000000000000000      0x349 ./SW-EK-LM4F120XL-9453/utils/uartstdio.o
 .debug_abbrev  0x0000000000000000      0x10e ./SW-EK-LM4F120XL-9453/utils/uartstdio.o
 .debug_aranges
                0x0000000000000000       0x50 ./SW-EK-LM4F120XL-9453/utils/uartstdio.o
 .debug_ranges  0x0000000000000000       0x40 ./SW-EK-LM4F120XL-9453/utils/uartstdio.o
 .debug_macro   0x0000000000000000       0x7e ./SW-EK-LM4F120XL-9453/utils/uartstdio.o
 .debug_macro   0x0000000000000000      0x880 ./SW-EK-LM4F120XL-9453/utils/uartstdio.o
 .debug_macro   0x0000000000000000       0x58 ./SW-EK-LM4F120XL-9453/utils/uartstdio.o
 .debug_macro   0x0000000000000000      0x371 ./SW-EK-LM4F120XL-9453/utils/uartstdio.o
 .debug_macro   0x0000000000000000      0x278 ./SW-EK-LM4F120XL-9453/utils/uartstdio.o
 .debug_macro   0x0000000000000000       0xca ./SW-EK-LM4F120XL-9453/utils/uartstdio.o
 .debug_macro   0x0000000000000000      0x612 ./SW-EK-LM4F120XL-9453/utils/uartstdio.o
 .debug_macro   0x0000000000000000       0x10 ./SW-EK-LM4F120XL-9453/utils/uartstdio.o
 .debug_macro   0x0000000000000000       0x10 ./SW-EK-LM4F120XL-9453/utils/uartstdio.o
 .debug_macro   0x0000000000000000       0xca ./SW-EK-LM4F120XL-9453/utils/uartstdio.o
 .debug_macro   0x0000000000000000     0x12f2 ./SW-EK-LM4F120XL-9453/utils/uartstdio.o
 .debug_macro   0x0000000000000000      0xb82 ./SW-EK-LM4F120XL-9453/utils/uartstdio.o
 .debug_macro   0x0000000000000000      0x188 ./SW-EK-LM4F120XL-9453/utils/uartstdio.o
 .debug_line    0x0000000000000000      0x3a6 ./SW-EK-LM4F120XL-9453/utils/uartstdio.o
 .debug_str     0x0000000000000000    0x105a4 ./SW-EK-LM4F120XL-9453/utils/uartstdio.o
 .comment       0x0000000000000000       0x2c ./SW-EK-LM4F120XL-9453/utils/uartstdio.o
 .debug_frame   0x0000000000000000      0x120 ./SW-EK-LM4F120XL-9453/utils/uartstdio.o
 .ARM.attributes
                0x0000000000000000       0x37 ./SW-EK-LM4F120XL-9453/utils/uartstdio.o
 .text          0x0000000000000000        0x0 /home/student/eclipse-workspace/Stellaris_LaunchPad/SW-EK-LM4F120XL-9453/driverlib/gcc/libdriver.a(sysctl.o)
 .data          0x0000000000000000        0x0 /home/student/eclipse-workspace/Stellaris_LaunchPad/SW-EK-LM4F120XL-9453/driverlib/gcc/libdriver.a(sysctl.o)
 .bss           0x0000000000000000        0x0 /home/student/eclipse-workspace/Stellaris_LaunchPad/SW-EK-LM4F120XL-9453/driverlib/gcc/libdriver.a(sysctl.o)
 .text.SysCtlPeripheralMapToNew
                0x0000000000000000       0x24 /home/student/eclipse-workspace/Stellaris_LaunchPad/SW-EK-LM4F120XL-9453/driverlib/gcc/libdriver.a(sysctl.o)
 .text.SysCtlSRAMSizeGet
                0x0000000000000000       0x14 /home/student/eclipse-workspace/Stellaris_LaunchPad/SW-EK-LM4F120XL-9453/driverlib/gcc/libdriver.a(sysctl.o)
 .text.SysCtlFlashSizeGet
                0x0000000000000000       0x14 /home/student/eclipse-workspace/Stellaris_LaunchPad/SW-EK-LM4F120XL-9453/driverlib/gcc/libdriver.a(sysctl.o)
 .text.SysCtlPinPresent
                0x0000000000000000       0x14 /home/student/eclipse-workspace/Stellaris_LaunchPad/SW-EK-LM4F120XL-9453/driverlib/gcc/libdriver.a(sysctl.o)
 .text.SysCtlPeripheralPresent
                0x0000000000000000       0x7c /home/student/eclipse-workspace/Stellaris_LaunchPad/SW-EK-LM4F120XL-9453/driverlib/gcc/libdriver.a(sysctl.o)
 .text.SysCtlPeripheralReady
                0x0000000000000000       0x38 /home/student/eclipse-workspace/Stellaris_LaunchPad/SW-EK-LM4F120XL-9453/driverlib/gcc/libdriver.a(sysctl.o)
 .text.SysCtlPeripheralPowerOn
                0x0000000000000000       0x38 /home/student/eclipse-workspace/Stellaris_LaunchPad/SW-EK-LM4F120XL-9453/driverlib/gcc/libdriver.a(sysctl.o)
 .text.SysCtlPeripheralPowerOff
                0x0000000000000000       0x38 /home/student/eclipse-workspace/Stellaris_LaunchPad/SW-EK-LM4F120XL-9453/driverlib/gcc/libdriver.a(sysctl.o)
 .text.SysCtlPeripheralReset
                0x0000000000000000       0x8c /home/student/eclipse-workspace/Stellaris_LaunchPad/SW-EK-LM4F120XL-9453/driverlib/gcc/libdriver.a(sysctl.o)
 .text.SysCtlPeripheralEnable
                0x0000000000000000       0x5c /home/student/eclipse-workspace/Stellaris_LaunchPad/SW-EK-LM4F120XL-9453/driverlib/gcc/libdriver.a(sysctl.o)
 .text.SysCtlPeripheralDisable
                0x0000000000000000       0x5c /home/student/eclipse-workspace/Stellaris_LaunchPad/SW-EK-LM4F120XL-9453/driverlib/gcc/libdriver.a(sysctl.o)
 .text.SysCtlPeripheralSleepEnable
                0x0000000000000000       0x5c /home/student/eclipse-workspace/Stellaris_LaunchPad/SW-EK-LM4F120XL-9453/driverlib/gcc/libdriver.a(sysctl.o)
 .text.SysCtlPeripheralSleepDisable
                0x0000000000000000       0x5c /home/student/eclipse-workspace/Stellaris_LaunchPad/SW-EK-LM4F120XL-9453/driverlib/gcc/libdriver.a(sysctl.o)
 .text.SysCtlPeripheralDeepSleepEnable
                0x0000000000000000       0x5c /home/student/eclipse-workspace/Stellaris_LaunchPad/SW-EK-LM4F120XL-9453/driverlib/gcc/libdriver.a(sysctl.o)
 .text.SysCtlPeripheralDeepSleepDisable
                0x0000000000000000       0x5c /home/student/eclipse-workspace/Stellaris_LaunchPad/SW-EK-LM4F120XL-9453/driverlib/gcc/libdriver.a(sysctl.o)
 .text.SysCtlPeripheralClockGating
                0x0000000000000000       0x1c /home/student/eclipse-workspace/Stellaris_LaunchPad/SW-EK-LM4F120XL-9453/driverlib/gcc/libdriver.a(sysctl.o)
 .text.SysCtlIntRegister
                0x0000000000000000       0x14 /home/student/eclipse-workspace/Stellaris_LaunchPad/SW-EK-LM4F120XL-9453/driverlib/gcc/libdriver.a(sysctl.o)
 .text.SysCtlIntUnregister
                0x0000000000000000       0x12 /home/student/eclipse-workspace/Stellaris_LaunchPad/SW-EK-LM4F120XL-9453/driverlib/gcc/libdriver.a(sysctl.o)
 .text.SysCtlIntEnable
                0x0000000000000000       0x10 /home/student/eclipse-workspace/Stellaris_LaunchPad/SW-EK-LM4F120XL-9453/driverlib/gcc/libdriver.a(sysctl.o)
 .text.SysCtlIntDisable
                0x0000000000000000       0x10 /home/student/eclipse-workspace/Stellaris_LaunchPad/SW-EK-LM4F120XL-9453/driverlib/gcc/libdriver.a(sysctl.o)
 .text.SysCtlIntClear
                0x0000000000000000        0xc /home/student/eclipse-workspace/Stellaris_LaunchPad/SW-EK-LM4F120XL-9453/driverlib/gcc/libdriver.a(sysctl.o)
 .text.SysCtlIntStatus
                0x0000000000000000       0x18 /home/student/eclipse-workspace/Stellaris_LaunchPad/SW-EK-LM4F120XL-9453/driverlib/gcc/libdriver.a(sysctl.o)
 .text.SysCtlLDOSet
                0x0000000000000000        0xc /home/student/eclipse-workspace/Stellaris_LaunchPad/SW-EK-LM4F120XL-9453/driverlib/gcc/libdriver.a(sysctl.o)
 .text.SysCtlLDOGet
                0x0000000000000000        0xc /home/student/eclipse-workspace/Stellaris_LaunchPad/SW-EK-LM4F120XL-9453/driverlib/gcc/libdriver.a(sysctl.o)
 .text.SysCtlLDOConfigSet
                0x0000000000000000        0xc /home/student/eclipse-workspace/Stellaris_LaunchPad/SW-EK-LM4F120XL-9453/driverlib/gcc/libdriver.a(sysctl.o)
 .text.SysCtlReset
                0x0000000000000000       0x10 /home/student/eclipse-workspace/Stellaris_LaunchPad/SW-EK-LM4F120XL-9453/driverlib/gcc/libdriver.a(sysctl.o)
 .text.SysCtlSleep
                0x0000000000000000        0x4 /home/student/eclipse-workspace/Stellaris_LaunchPad/SW-EK-LM4F120XL-9453/driverlib/gcc/libdriver.a(sysctl.o)
 .text.SysCtlDeepSleep
                0x0000000000000000       0x20 /home/student/eclipse-workspace/Stellaris_LaunchPad/SW-EK-LM4F120XL-9453/driverlib/gcc/libdriver.a(sysctl.o)
 .text.SysCtlResetCauseGet
                0x0000000000000000        0xc /home/student/eclipse-workspace/Stellaris_LaunchPad/SW-EK-LM4F120XL-9453/driverlib/gcc/libdriver.a(sysctl.o)
 .text.SysCtlResetCauseClear
                0x0000000000000000       0x10 /home/student/eclipse-workspace/Stellaris_LaunchPad/SW-EK-LM4F120XL-9453/driverlib/gcc/libdriver.a(sysctl.o)
 .text.SysCtlBrownOutConfigSet
                0x0000000000000000       0x10 /home/student/eclipse-workspace/Stellaris_LaunchPad/SW-EK-LM4F120XL-9453/driverlib/gcc/libdriver.a(sysctl.o)
 .text.SysCtlDelay
                0x0000000000000000        0x6 /home/student/eclipse-workspace/Stellaris_LaunchPad/SW-EK-LM4F120XL-9453/driverlib/gcc/libdriver.a(sysctl.o)
 .text.SysCtlMOSCConfigSet
                0x0000000000000000        0xc /home/student/eclipse-workspace/Stellaris_LaunchPad/SW-EK-LM4F120XL-9453/driverlib/gcc/libdriver.a(sysctl.o)
 .text.SysCtlPIOSCCalibrate
                0x0000000000000000       0x54 /home/student/eclipse-workspace/Stellaris_LaunchPad/SW-EK-LM4F120XL-9453/driverlib/gcc/libdriver.a(sysctl.o)
 .text.SysCtlClockSet
                0x0000000000000000      0x174 /home/student/eclipse-workspace/Stellaris_LaunchPad/SW-EK-LM4F120XL-9453/driverlib/gcc/libdriver.a(sysctl.o)
 .text.SysCtlClockGet
                0x0000000000000000      0x22c /home/student/eclipse-workspace/Stellaris_LaunchPad/SW-EK-LM4F120XL-9453/driverlib/gcc/libdriver.a(sysctl.o)
 .text.SysCtlDeepSleepClockSet
                0x0000000000000000        0xc /home/student/eclipse-workspace/Stellaris_LaunchPad/SW-EK-LM4F120XL-9453/driverlib/gcc/libdriver.a(sysctl.o)
 .text.SysCtlPWMClockSet
                0x0000000000000000       0x14 /home/student/eclipse-workspace/Stellaris_LaunchPad/SW-EK-LM4F120XL-9453/driverlib/gcc/libdriver.a(sysctl.o)
 .text.SysCtlPWMClockGet
                0x0000000000000000       0x18 /home/student/eclipse-workspace/Stellaris_LaunchPad/SW-EK-LM4F120XL-9453/driverlib/gcc/libdriver.a(sysctl.o)
 .text.SysCtlADCSpeedSet
                0x0000000000000000       0x20 /home/student/eclipse-workspace/Stellaris_LaunchPad/SW-EK-LM4F120XL-9453/driverlib/gcc/libdriver.a(sysctl.o)
 .text.SysCtlADCSpeedGet
                0x0000000000000000       0x10 /home/student/eclipse-workspace/Stellaris_LaunchPad/SW-EK-LM4F120XL-9453/driverlib/gcc/libdriver.a(sysctl.o)
 .text.SysCtlIOSCVerificationSet
                0x0000000000000000       0x1c /home/student/eclipse-workspace/Stellaris_LaunchPad/SW-EK-LM4F120XL-9453/driverlib/gcc/libdriver.a(sysctl.o)
 .text.SysCtlMOSCVerificationSet
                0x0000000000000000       0x1c /home/student/eclipse-workspace/Stellaris_LaunchPad/SW-EK-LM4F120XL-9453/driverlib/gcc/libdriver.a(sysctl.o)
 .text.SysCtlPLLVerificationSet
                0x0000000000000000       0x1c /home/student/eclipse-workspace/Stellaris_LaunchPad/SW-EK-LM4F120XL-9453/driverlib/gcc/libdriver.a(sysctl.o)
 .text.SysCtlClkVerificationClear
                0x0000000000000000       0x10 /home/student/eclipse-workspace/Stellaris_LaunchPad/SW-EK-LM4F120XL-9453/driverlib/gcc/libdriver.a(sysctl.o)
 .text.SysCtlGPIOAHBEnable
                0x0000000000000000       0x14 /home/student/eclipse-workspace/Stellaris_LaunchPad/SW-EK-LM4F120XL-9453/driverlib/gcc/libdriver.a(sysctl.o)
 .text.SysCtlGPIOAHBDisable
                0x0000000000000000       0x14 /home/student/eclipse-workspace/Stellaris_LaunchPad/SW-EK-LM4F120XL-9453/driverlib/gcc/libdriver.a(sysctl.o)
 .text.SysCtlUSBPLLEnable
                0x0000000000000000       0x10 /home/student/eclipse-workspace/Stellaris_LaunchPad/SW-EK-LM4F120XL-9453/driverlib/gcc/libdriver.a(sysctl.o)
 .text.SysCtlUSBPLLDisable
                0x0000000000000000       0x10 /home/student/eclipse-workspace/Stellaris_LaunchPad/SW-EK-LM4F120XL-9453/driverlib/gcc/libdriver.a(sysctl.o)
 .text.SysCtlI2SMClkSet
                0x0000000000000000       0xe0 /home/student/eclipse-workspace/Stellaris_LaunchPad/SW-EK-LM4F120XL-9453/driverlib/gcc/libdriver.a(sysctl.o)
 .bss.ulOscSelect
                0x0000000000000000        0x4 /home/student/eclipse-workspace/Stellaris_LaunchPad/SW-EK-LM4F120XL-9453/driverlib/gcc/libdriver.a(sysctl.o)
 .bss.ulSysDiv  0x0000000000000000        0x4 /home/student/eclipse-workspace/Stellaris_LaunchPad/SW-EK-LM4F120XL-9453/driverlib/gcc/libdriver.a(sysctl.o)
 .bss.ulOsc     0x0000000000000000        0x4 /home/student/eclipse-workspace/Stellaris_LaunchPad/SW-EK-LM4F120XL-9453/driverlib/gcc/libdriver.a(sysctl.o)
 .rodata.g_pulDCRegs
                0x0000000000000000       0x10 /home/student/eclipse-workspace/Stellaris_LaunchPad/SW-EK-LM4F120XL-9453/driverlib/gcc/libdriver.a(sysctl.o)
 .rodata.g_pulXtals
                0x0000000000000000       0x6c /home/student/eclipse-workspace/Stellaris_LaunchPad/SW-EK-LM4F120XL-9453/driverlib/gcc/libdriver.a(sysctl.o)
 .rodata.g_pulDCGCRegs
                0x0000000000000000        0xc /home/student/eclipse-workspace/Stellaris_LaunchPad/SW-EK-LM4F120XL-9453/driverlib/gcc/libdriver.a(sysctl.o)
 .rodata.g_ppulPeripheralMap
                0x0000000000000000      0x120 /home/student/eclipse-workspace/Stellaris_LaunchPad/SW-EK-LM4F120XL-9453/driverlib/gcc/libdriver.a(sysctl.o)
 .rodata.g_pulRCGCRegs
                0x0000000000000000        0xc /home/student/eclipse-workspace/Stellaris_LaunchPad/SW-EK-LM4F120XL-9453/driverlib/gcc/libdriver.a(sysctl.o)
 .rodata.g_pulSCGCRegs
                0x0000000000000000        0xc /home/student/eclipse-workspace/Stellaris_LaunchPad/SW-EK-LM4F120XL-9453/driverlib/gcc/libdriver.a(sysctl.o)
 .rodata.g_pulSRCRRegs
                0x0000000000000000        0xc /home/student/eclipse-workspace/Stellaris_LaunchPad/SW-EK-LM4F120XL-9453/driverlib/gcc/libdriver.a(sysctl.o)
 .bss.bNewPLL   0x0000000000000000        0x1 /home/student/eclipse-workspace/Stellaris_LaunchPad/SW-EK-LM4F120XL-9453/driverlib/gcc/libdriver.a(sysctl.o)
 .comment       0x0000000000000000       0x2c /home/student/eclipse-workspace/Stellaris_LaunchPad/SW-EK-LM4F120XL-9453/driverlib/gcc/libdriver.a(sysctl.o)
 .ARM.attributes
                0x0000000000000000       0x37 /home/student/eclipse-workspace/Stellaris_LaunchPad/SW-EK-LM4F120XL-9453/driverlib/gcc/libdriver.a(sysctl.o)
 .text          0x0000000000000000        0x0 /home/student/eclipse-workspace/Stellaris_LaunchPad/SW-EK-LM4F120XL-9453/driverlib/gcc/libdriver.a(uart.o)
 .data          0x0000000000000000        0x0 /home/student/eclipse-workspace/Stellaris_LaunchPad/SW-EK-LM4F120XL-9453/driverlib/gcc/libdriver.a(uart.o)
 .bss           0x0000000000000000        0x0 /home/student/eclipse-workspace/Stellaris_LaunchPad/SW-EK-LM4F120XL-9453/driverlib/gcc/libdriver.a(uart.o)
 .text.UARTIntNumberGet
                0x0000000000000000       0x28 /home/student/eclipse-workspace/Stellaris_LaunchPad/SW-EK-LM4F120XL-9453/driverlib/gcc/libdriver.a(uart.o)
 .text.UARTParityModeSet
                0x0000000000000000        0xc /home/student/eclipse-workspace/Stellaris_LaunchPad/SW-EK-LM4F120XL-9453/driverlib/gcc/libdriver.a(uart.o)
 .text.UARTParityModeGet
                0x0000000000000000        0x8 /home/student/eclipse-workspace/Stellaris_LaunchPad/SW-EK-LM4F120XL-9453/driverlib/gcc/libdriver.a(uart.o)
 .text.UARTFIFOLevelSet
                0x0000000000000000        0x6 /home/student/eclipse-workspace/Stellaris_LaunchPad/SW-EK-LM4F120XL-9453/driverlib/gcc/libdriver.a(uart.o)
 .text.UARTFIFOLevelGet
                0x0000000000000000       0x10 /home/student/eclipse-workspace/Stellaris_LaunchPad/SW-EK-LM4F120XL-9453/driverlib/gcc/libdriver.a(uart.o)
 .text.UARTConfigGetExpClk
                0x0000000000000000       0x28 /home/student/eclipse-workspace/Stellaris_LaunchPad/SW-EK-LM4F120XL-9453/driverlib/gcc/libdriver.a(uart.o)
 .text.UARTEnable
                0x0000000000000000       0x16 /home/student/eclipse-workspace/Stellaris_LaunchPad/SW-EK-LM4F120XL-9453/driverlib/gcc/libdriver.a(uart.o)
 .text.UARTDisable
                0x0000000000000000       0x1e /home/student/eclipse-workspace/Stellaris_LaunchPad/SW-EK-LM4F120XL-9453/driverlib/gcc/libdriver.a(uart.o)
 .text.UARTConfigSetExpClk
                0x0000000000000000       0x4e /home/student/eclipse-workspace/Stellaris_LaunchPad/SW-EK-LM4F120XL-9453/driverlib/gcc/libdriver.a(uart.o)
 .text.UARTFIFOEnable
                0x0000000000000000        0xa /home/student/eclipse-workspace/Stellaris_LaunchPad/SW-EK-LM4F120XL-9453/driverlib/gcc/libdriver.a(uart.o)
 .text.UARTFIFODisable
                0x0000000000000000        0xa /home/student/eclipse-workspace/Stellaris_LaunchPad/SW-EK-LM4F120XL-9453/driverlib/gcc/libdriver.a(uart.o)
 .text.UARTEnableSIR
                0x0000000000000000       0x14 /home/student/eclipse-workspace/Stellaris_LaunchPad/SW-EK-LM4F120XL-9453/driverlib/gcc/libdriver.a(uart.o)
 .text.UARTDisableSIR
                0x0000000000000000        0xa /home/student/eclipse-workspace/Stellaris_LaunchPad/SW-EK-LM4F120XL-9453/driverlib/gcc/libdriver.a(uart.o)
 .text.UARTSmartCardEnable
                0x0000000000000000       0x16 /home/student/eclipse-workspace/Stellaris_LaunchPad/SW-EK-LM4F120XL-9453/driverlib/gcc/libdriver.a(uart.o)
 .text.UARTSmartCardDisable
                0x0000000000000000        0xa /home/student/eclipse-workspace/Stellaris_LaunchPad/SW-EK-LM4F120XL-9453/driverlib/gcc/libdriver.a(uart.o)
 .text.UARTModemControlSet
                0x0000000000000000        0xc /home/student/eclipse-workspace/Stellaris_LaunchPad/SW-EK-LM4F120XL-9453/driverlib/gcc/libdriver.a(uart.o)
 .text.UARTModemControlClear
                0x0000000000000000        0xe /home/student/eclipse-workspace/Stellaris_LaunchPad/SW-EK-LM4F120XL-9453/driverlib/gcc/libdriver.a(uart.o)
 .text.UARTModemControlGet
                0x0000000000000000        0x8 /home/student/eclipse-workspace/Stellaris_LaunchPad/SW-EK-LM4F120XL-9453/driverlib/gcc/libdriver.a(uart.o)
 .text.UARTModemStatusGet
                0x0000000000000000        0xc /home/student/eclipse-workspace/Stellaris_LaunchPad/SW-EK-LM4F120XL-9453/driverlib/gcc/libdriver.a(uart.o)
 .text.UARTFlowControlSet
                0x0000000000000000        0xc /home/student/eclipse-workspace/Stellaris_LaunchPad/SW-EK-LM4F120XL-9453/driverlib/gcc/libdriver.a(uart.o)
 .text.UARTFlowControlGet
                0x0000000000000000        0x8 /home/student/eclipse-workspace/Stellaris_LaunchPad/SW-EK-LM4F120XL-9453/driverlib/gcc/libdriver.a(uart.o)
 .text.UARTTxIntModeSet
                0x0000000000000000        0xc /home/student/eclipse-workspace/Stellaris_LaunchPad/SW-EK-LM4F120XL-9453/driverlib/gcc/libdriver.a(uart.o)
 .text.UARTTxIntModeGet
                0x0000000000000000        0x8 /home/student/eclipse-workspace/Stellaris_LaunchPad/SW-EK-LM4F120XL-9453/driverlib/gcc/libdriver.a(uart.o)
 .text.UARTCharsAvail
                0x0000000000000000       0x10 /home/student/eclipse-workspace/Stellaris_LaunchPad/SW-EK-LM4F120XL-9453/driverlib/gcc/libdriver.a(uart.o)
 .text.UARTSpaceAvail
                0x0000000000000000       0x10 /home/student/eclipse-workspace/Stellaris_LaunchPad/SW-EK-LM4F120XL-9453/driverlib/gcc/libdriver.a(uart.o)
 .text.UARTCharGetNonBlocking
                0x0000000000000000       0x10 /home/student/eclipse-workspace/Stellaris_LaunchPad/SW-EK-LM4F120XL-9453/driverlib/gcc/libdriver.a(uart.o)
 .text.UARTCharGet
                0x0000000000000000        0xc /home/student/eclipse-workspace/Stellaris_LaunchPad/SW-EK-LM4F120XL-9453/driverlib/gcc/libdriver.a(uart.o)
 .text.UARTCharPutNonBlocking
                0x0000000000000000       0x12 /home/student/eclipse-workspace/Stellaris_LaunchPad/SW-EK-LM4F120XL-9453/driverlib/gcc/libdriver.a(uart.o)
 .text.UARTCharPut
                0x0000000000000000        0xc /home/student/eclipse-workspace/Stellaris_LaunchPad/SW-EK-LM4F120XL-9453/driverlib/gcc/libdriver.a(uart.o)
 .text.UARTBreakCtl
                0x0000000000000000       0x18 /home/student/eclipse-workspace/Stellaris_LaunchPad/SW-EK-LM4F120XL-9453/driverlib/gcc/libdriver.a(uart.o)
 .text.UARTBusy
                0x0000000000000000        0x8 /home/student/eclipse-workspace/Stellaris_LaunchPad/SW-EK-LM4F120XL-9453/driverlib/gcc/libdriver.a(uart.o)
 .text.UARTIntRegister
                0x0000000000000000       0x1a /home/student/eclipse-workspace/Stellaris_LaunchPad/SW-EK-LM4F120XL-9453/driverlib/gcc/libdriver.a(uart.o)
 .text.UARTIntUnregister
                0x0000000000000000       0x16 /home/student/eclipse-workspace/Stellaris_LaunchPad/SW-EK-LM4F120XL-9453/driverlib/gcc/libdriver.a(uart.o)
 .text.UARTIntEnable
                0x0000000000000000        0x8 /home/student/eclipse-workspace/Stellaris_LaunchPad/SW-EK-LM4F120XL-9453/driverlib/gcc/libdriver.a(uart.o)
 .text.UARTIntDisable
                0x0000000000000000        0xa /home/student/eclipse-workspace/Stellaris_LaunchPad/SW-EK-LM4F120XL-9453/driverlib/gcc/libdriver.a(uart.o)
 .text.UARTIntStatus
                0x0000000000000000        0xa /home/student/eclipse-workspace/Stellaris_LaunchPad/SW-EK-LM4F120XL-9453/driverlib/gcc/libdriver.a(uart.o)
 .text.UARTIntClear
                0x0000000000000000        0x4 /home/student/eclipse-workspace/Stellaris_LaunchPad/SW-EK-LM4F120XL-9453/driverlib/gcc/libdriver.a(uart.o)
 .text.UARTDMAEnable
                0x0000000000000000        0x8 /home/student/eclipse-workspace/Stellaris_LaunchPad/SW-EK-LM4F120XL-9453/driverlib/gcc/libdriver.a(uart.o)
 .text.UARTDMADisable
                0x0000000000000000        0xa /home/student/eclipse-workspace/Stellaris_LaunchPad/SW-EK-LM4F120XL-9453/driverlib/gcc/libdriver.a(uart.o)
 .text.UARTRxErrorGet
                0x0000000000000000        0x8 /home/student/eclipse-workspace/Stellaris_LaunchPad/SW-EK-LM4F120XL-9453/driverlib/gcc/libdriver.a(uart.o)
 .text.UARTRxErrorClear
                0x0000000000000000        0x6 /home/student/eclipse-workspace/Stellaris_LaunchPad/SW-EK-LM4F120XL-9453/driverlib/gcc/libdriver.a(uart.o)
 .text.UARTClockSourceSet
                0x0000000000000000        0x6 /home/student/eclipse-workspace/Stellaris_LaunchPad/SW-EK-LM4F120XL-9453/driverlib/gcc/libdriver.a(uart.o)
 .text.UARTClockSourceGet
                0x0000000000000000        0x6 /home/student/eclipse-workspace/Stellaris_LaunchPad/SW-EK-LM4F120XL-9453/driverlib/gcc/libdriver.a(uart.o)
 .text.UART9BitEnable
                0x0000000000000000        0xe /home/student/eclipse-workspace/Stellaris_LaunchPad/SW-EK-LM4F120XL-9453/driverlib/gcc/libdriver.a(uart.o)
 .text.UART9BitDisable
                0x0000000000000000        0xe /home/student/eclipse-workspace/Stellaris_LaunchPad/SW-EK-LM4F120XL-9453/driverlib/gcc/libdriver.a(uart.o)
 .text.UART9BitAddrSet
                0x0000000000000000        0xa /home/student/eclipse-workspace/Stellaris_LaunchPad/SW-EK-LM4F120XL-9453/driverlib/gcc/libdriver.a(uart.o)
 .text.UART9BitAddrSend
                0x0000000000000000       0x28 /home/student/eclipse-workspace/Stellaris_LaunchPad/SW-EK-LM4F120XL-9453/driverlib/gcc/libdriver.a(uart.o)
 .rodata.g_ppulUARTIntMap
                0x0000000000000000       0x40 /home/student/eclipse-workspace/Stellaris_LaunchPad/SW-EK-LM4F120XL-9453/driverlib/gcc/libdriver.a(uart.o)
 .comment       0x0000000000000000       0x2c /home/student/eclipse-workspace/Stellaris_LaunchPad/SW-EK-LM4F120XL-9453/driverlib/gcc/libdriver.a(uart.o)
 .ARM.attributes
                0x0000000000000000       0x37 /home/student/eclipse-workspace/Stellaris_LaunchPad/SW-EK-LM4F120XL-9453/driverlib/gcc/libdriver.a(uart.o)
 .text          0x0000000000000000        0x0 /home/student/eclipse-workspace/Stellaris_LaunchPad/SW-EK-LM4F120XL-9453/driverlib/gcc/libdriver.a(cpu.o)
 .data          0x0000000000000000        0x0 /home/student/eclipse-workspace/Stellaris_LaunchPad/SW-EK-LM4F120XL-9453/driverlib/gcc/libdriver.a(cpu.o)
 .bss           0x0000000000000000        0x0 /home/student/eclipse-workspace/Stellaris_LaunchPad/SW-EK-LM4F120XL-9453/driverlib/gcc/libdriver.a(cpu.o)
 .text.CPUcpsid
                0x0000000000000000        0x8 /home/student/eclipse-workspace/Stellaris_LaunchPad/SW-EK-LM4F120XL-9453/driverlib/gcc/libdriver.a(cpu.o)
 .text.CPUprimask
                0x0000000000000000        0x6 /home/student/eclipse-workspace/Stellaris_LaunchPad/SW-EK-LM4F120XL-9453/driverlib/gcc/libdriver.a(cpu.o)
 .text.CPUcpsie
                0x0000000000000000        0x8 /home/student/eclipse-workspace/Stellaris_LaunchPad/SW-EK-LM4F120XL-9453/driverlib/gcc/libdriver.a(cpu.o)
 .text.CPUwfi   0x0000000000000000        0x4 /home/student/eclipse-workspace/Stellaris_LaunchPad/SW-EK-LM4F120XL-9453/driverlib/gcc/libdriver.a(cpu.o)
 .text.CPUbasepriSet
                0x0000000000000000        0x6 /home/student/eclipse-workspace/Stellaris_LaunchPad/SW-EK-LM4F120XL-9453/driverlib/gcc/libdriver.a(cpu.o)
 .text.CPUbasepriGet
                0x0000000000000000        0x6 /home/student/eclipse-workspace/Stellaris_LaunchPad/SW-EK-LM4F120XL-9453/driverlib/gcc/libdriver.a(cpu.o)
 .comment       0x0000000000000000       0x2c /home/student/eclipse-workspace/Stellaris_LaunchPad/SW-EK-LM4F120XL-9453/driverlib/gcc/libdriver.a(cpu.o)
 .ARM.attributes
                0x0000000000000000       0x37 /home/student/eclipse-workspace/Stellaris_LaunchPad/SW-EK-LM4F120XL-9453/driverlib/gcc/libdriver.a(cpu.o)
 .text          0x0000000000000000        0x0 /home/student/eclipse-workspace/Stellaris_LaunchPad/SW-EK-LM4F120XL-9453/driverlib/gcc/libdriver.a(interrupt.o)
 .data          0x0000000000000000        0x0 /home/student/eclipse-workspace/Stellaris_LaunchPad/SW-EK-LM4F120XL-9453/driverlib/gcc/libdriver.a(interrupt.o)
 .bss           0x0000000000000000        0x0 /home/student/eclipse-workspace/Stellaris_LaunchPad/SW-EK-LM4F120XL-9453/driverlib/gcc/libdriver.a(interrupt.o)
 .text.IntDefaultHandler
                0x0000000000000000        0x2 /home/student/eclipse-workspace/Stellaris_LaunchPad/SW-EK-LM4F120XL-9453/driverlib/gcc/libdriver.a(interrupt.o)
 .text.IntMasterEnable
                0x0000000000000000        0xa /home/student/eclipse-workspace/Stellaris_LaunchPad/SW-EK-LM4F120XL-9453/driverlib/gcc/libdriver.a(interrupt.o)
 .text.IntMasterDisable
                0x0000000000000000        0xa /home/student/eclipse-workspace/Stellaris_LaunchPad/SW-EK-LM4F120XL-9453/driverlib/gcc/libdriver.a(interrupt.o)
 .text.IntRegister
                0x0000000000000000       0x30 /home/student/eclipse-workspace/Stellaris_LaunchPad/SW-EK-LM4F120XL-9453/driverlib/gcc/libdriver.a(interrupt.o)
 .text.IntUnregister
                0x0000000000000000       0x14 /home/student/eclipse-workspace/Stellaris_LaunchPad/SW-EK-LM4F120XL-9453/driverlib/gcc/libdriver.a(interrupt.o)
 .text.IntPriorityGroupingSet
                0x0000000000000000       0x1c /home/student/eclipse-workspace/Stellaris_LaunchPad/SW-EK-LM4F120XL-9453/driverlib/gcc/libdriver.a(interrupt.o)
 .text.IntPriorityGroupingGet
                0x0000000000000000       0x24 /home/student/eclipse-workspace/Stellaris_LaunchPad/SW-EK-LM4F120XL-9453/driverlib/gcc/libdriver.a(interrupt.o)
 .text.IntPrioritySet
                0x0000000000000000       0x28 /home/student/eclipse-workspace/Stellaris_LaunchPad/SW-EK-LM4F120XL-9453/driverlib/gcc/libdriver.a(interrupt.o)
 .text.IntPriorityGet
                0x0000000000000000       0x1c /home/student/eclipse-workspace/Stellaris_LaunchPad/SW-EK-LM4F120XL-9453/driverlib/gcc/libdriver.a(interrupt.o)
 .text.IntEnable
                0x0000000000000000       0x60 /home/student/eclipse-workspace/Stellaris_LaunchPad/SW-EK-LM4F120XL-9453/driverlib/gcc/libdriver.a(interrupt.o)
 .text.IntDisable
                0x0000000000000000       0x60 /home/student/eclipse-workspace/Stellaris_LaunchPad/SW-EK-LM4F120XL-9453/driverlib/gcc/libdriver.a(interrupt.o)
 .text.IntIsEnabled
                0x0000000000000000       0x64 /home/student/eclipse-workspace/Stellaris_LaunchPad/SW-EK-LM4F120XL-9453/driverlib/gcc/libdriver.a(interrupt.o)
 .text.IntPendSet
                0x0000000000000000       0x50 /home/student/eclipse-workspace/Stellaris_LaunchPad/SW-EK-LM4F120XL-9453/driverlib/gcc/libdriver.a(interrupt.o)
 .text.IntPendClear
                0x0000000000000000       0x40 /home/student/eclipse-workspace/Stellaris_LaunchPad/SW-EK-LM4F120XL-9453/driverlib/gcc/libdriver.a(interrupt.o)
 .text.IntPriorityMaskSet
                0x0000000000000000        0x4 /home/student/eclipse-workspace/Stellaris_LaunchPad/SW-EK-LM4F120XL-9453/driverlib/gcc/libdriver.a(interrupt.o)
 .text.IntPriorityMaskGet
                0x0000000000000000        0x4 /home/student/eclipse-workspace/Stellaris_LaunchPad/SW-EK-LM4F120XL-9453/driverlib/gcc/libdriver.a(interrupt.o)
 .rodata.g_pulEnRegs
                0x0000000000000000       0x14 /home/student/eclipse-workspace/Stellaris_LaunchPad/SW-EK-LM4F120XL-9453/driverlib/gcc/libdriver.a(interrupt.o)
 .rodata.g_pulDisRegs
                0x0000000000000000       0x14 /home/student/eclipse-workspace/Stellaris_LaunchPad/SW-EK-LM4F120XL-9453/driverlib/gcc/libdriver.a(interrupt.o)
 .rodata.g_pulPendRegs
                0x0000000000000000       0x14 /home/student/eclipse-workspace/Stellaris_LaunchPad/SW-EK-LM4F120XL-9453/driverlib/gcc/libdriver.a(interrupt.o)
 .rodata.g_pulUnpendRegs
                0x0000000000000000       0x14 /home/student/eclipse-workspace/Stellaris_LaunchPad/SW-EK-LM4F120XL-9453/driverlib/gcc/libdriver.a(interrupt.o)
 vtable         0x0000000000000000      0x400 /home/student/eclipse-workspace/Stellaris_LaunchPad/SW-EK-LM4F120XL-9453/driverlib/gcc/libdriver.a(interrupt.o)
 .rodata.g_pulPriority
                0x0000000000000000       0x20 /home/student/eclipse-workspace/Stellaris_LaunchPad/SW-EK-LM4F120XL-9453/driverlib/gcc/libdriver.a(interrupt.o)
 .rodata.g_pulRegs
                0x0000000000000000       0x9c /home/student/eclipse-workspace/Stellaris_LaunchPad/SW-EK-LM4F120XL-9453/driverlib/gcc/libdriver.a(interrupt.o)
 .comment       0x0000000000000000       0x2c /home/student/eclipse-workspace/Stellaris_LaunchPad/SW-EK-LM4F120XL-9453/driverlib/gcc/libdriver.a(interrupt.o)
 .ARM.attributes
                0x0000000000000000       0x37 /home/student/eclipse-workspace/Stellaris_LaunchPad/SW-EK-LM4F120XL-9453/driverlib/gcc/libdriver.a(interrupt.o)
 .text          0x0000000000000000        0xc /usr/lib/gcc/arm-none-eabi/5.4.1/../../../arm-none-eabi/lib/armv7e-m/softfp/libg.a(lib_a-atexit.o)
 .data          0x0000000000000000        0x0 /usr/lib/gcc/arm-none-eabi/5.4.1/../../../arm-none-eabi/lib/armv7e-m/softfp/libg.a(lib_a-atexit.o)
 .bss           0x0000000000000000        0x0 /usr/lib/gcc/arm-none-eabi/5.4.1/../../../arm-none-eabi/lib/armv7e-m/softfp/libg.a(lib_a-atexit.o)
 .debug_info    0x0000000000000000       0xfe /usr/lib/gcc/arm-none-eabi/5.4.1/../../../arm-none-eabi/lib/armv7e-m/softfp/libg.a(lib_a-atexit.o)
 .debug_abbrev  0x0000000000000000       0xaa /usr/lib/gcc/arm-none-eabi/5.4.1/../../../arm-none-eabi/lib/armv7e-m/softfp/libg.a(lib_a-atexit.o)
 .debug_loc     0x0000000000000000       0x2c /usr/lib/gcc/arm-none-eabi/5.4.1/../../../arm-none-eabi/lib/armv7e-m/softfp/libg.a(lib_a-atexit.o)
 .debug_aranges
                0x0000000000000000       0x20 /usr/lib/gcc/arm-none-eabi/5.4.1/../../../arm-none-eabi/lib/armv7e-m/softfp/libg.a(lib_a-atexit.o)
 .debug_line    0x0000000000000000       0xb8 /usr/lib/gcc/arm-none-eabi/5.4.1/../../../arm-none-eabi/lib/armv7e-m/softfp/libg.a(lib_a-atexit.o)
 .debug_str     0x0000000000000000      0x221 /usr/lib/gcc/arm-none-eabi/5.4.1/../../../arm-none-eabi/lib/armv7e-m/softfp/libg.a(lib_a-atexit.o)
 .comment       0x0000000000000000       0x2c /usr/lib/gcc/arm-none-eabi/5.4.1/../../../arm-none-eabi/lib/armv7e-m/softfp/libg.a(lib_a-atexit.o)
 .debug_frame   0x0000000000000000       0x20 /usr/lib/gcc/arm-none-eabi/5.4.1/../../../arm-none-eabi/lib/armv7e-m/softfp/libg.a(lib_a-atexit.o)
 .ARM.attributes
                0x0000000000000000       0x32 /usr/lib/gcc/arm-none-eabi/5.4.1/../../../arm-none-eabi/lib/armv7e-m/softfp/libg.a(lib_a-atexit.o)
 .text          0x0000000000000000       0x20 /usr/lib/gcc/arm-none-eabi/5.4.1/../../../arm-none-eabi/lib/armv7e-m/softfp/libg.a(lib_a-exit.o)
 .data          0x0000000000000000        0x0 /usr/lib/gcc/arm-none-eabi/5.4.1/../../../arm-none-eabi/lib/armv7e-m/softfp/libg.a(lib_a-exit.o)
 .bss           0x0000000000000000        0x0 /usr/lib/gcc/arm-none-eabi/5.4.1/../../../arm-none-eabi/lib/armv7e-m/softfp/libg.a(lib_a-exit.o)
 .debug_info    0x0000000000000000      0x8de /usr/lib/gcc/arm-none-eabi/5.4.1/../../../arm-none-eabi/lib/armv7e-m/softfp/libg.a(lib_a-exit.o)
 .debug_abbrev  0x0000000000000000      0x1d6 /usr/lib/gcc/arm-none-eabi/5.4.1/../../../arm-none-eabi/lib/armv7e-m/softfp/libg.a(lib_a-exit.o)
 .debug_loc     0x0000000000000000       0x1e /usr/lib/gcc/arm-none-eabi/5.4.1/../../../arm-none-eabi/lib/armv7e-m/softfp/libg.a(lib_a-exit.o)
 .debug_aranges
                0x0000000000000000       0x20 /usr/lib/gcc/arm-none-eabi/5.4.1/../../../arm-none-eabi/lib/armv7e-m/softfp/libg.a(lib_a-exit.o)
 .debug_line    0x0000000000000000      0x162 /usr/lib/gcc/arm-none-eabi/5.4.1/../../../arm-none-eabi/lib/armv7e-m/softfp/libg.a(lib_a-exit.o)
 .debug_str     0x0000000000000000      0x5be /usr/lib/gcc/arm-none-eabi/5.4.1/../../../arm-none-eabi/lib/armv7e-m/softfp/libg.a(lib_a-exit.o)
 .comment       0x0000000000000000       0x2c /usr/lib/gcc/arm-none-eabi/5.4.1/../../../arm-none-eabi/lib/armv7e-m/softfp/libg.a(lib_a-exit.o)
 .debug_frame   0x0000000000000000       0x28 /usr/lib/gcc/arm-none-eabi/5.4.1/../../../arm-none-eabi/lib/armv7e-m/softfp/libg.a(lib_a-exit.o)
 .ARM.attributes
                0x0000000000000000       0x32 /usr/lib/gcc/arm-none-eabi/5.4.1/../../../arm-none-eabi/lib/armv7e-m/softfp/libg.a(lib_a-exit.o)
 .text          0x0000000000000000       0x28 /usr/lib/gcc/arm-none-eabi/5.4.1/../../../arm-none-eabi/lib/armv7e-m/softfp/libg.a(lib_a-fini.o)
 .data          0x0000000000000000        0x0 /usr/lib/gcc/arm-none-eabi/5.4.1/../../../arm-none-eabi/lib/armv7e-m/softfp/libg.a(lib_a-fini.o)
 .bss           0x0000000000000000        0x0 /usr/lib/gcc/arm-none-eabi/5.4.1/../../../arm-none-eabi/lib/armv7e-m/softfp/libg.a(lib_a-fini.o)
 .debug_info    0x0000000000000000       0xfa /usr/lib/gcc/arm-none-eabi/5.4.1/../../../arm-none-eabi/lib/armv7e-m/softfp/libg.a(lib_a-fini.o)
 .debug_abbrev  0x0000000000000000       0xbd /usr/lib/gcc/arm-none-eabi/5.4.1/../../../arm-none-eabi/lib/armv7e-m/softfp/libg.a(lib_a-fini.o)
 .debug_loc     0x0000000000000000       0x5c /usr/lib/gcc/arm-none-eabi/5.4.1/../../../arm-none-eabi/lib/armv7e-m/softfp/libg.a(lib_a-fini.o)
 .debug_aranges
                0x0000000000000000       0x20 /usr/lib/gcc/arm-none-eabi/5.4.1/../../../arm-none-eabi/lib/armv7e-m/softfp/libg.a(lib_a-fini.o)
 .debug_line    0x0000000000000000       0x9f /usr/lib/gcc/arm-none-eabi/5.4.1/../../../arm-none-eabi/lib/armv7e-m/softfp/libg.a(lib_a-fini.o)
 .debug_str     0x0000000000000000      0x219 /usr/lib/gcc/arm-none-eabi/5.4.1/../../../arm-none-eabi/lib/armv7e-m/softfp/libg.a(lib_a-fini.o)
 .comment       0x0000000000000000       0x2c /usr/lib/gcc/arm-none-eabi/5.4.1/../../../arm-none-eabi/lib/armv7e-m/softfp/libg.a(lib_a-fini.o)
 .debug_frame   0x0000000000000000       0x34 /usr/lib/gcc/arm-none-eabi/5.4.1/../../../arm-none-eabi/lib/armv7e-m/softfp/libg.a(lib_a-fini.o)
 .ARM.attributes
                0x0000000000000000       0x32 /usr/lib/gcc/arm-none-eabi/5.4.1/../../../arm-none-eabi/lib/armv7e-m/softfp/libg.a(lib_a-fini.o)
 .text          0x0000000000000000        0x0 /usr/lib/gcc/arm-none-eabi/5.4.1/../../../arm-none-eabi/lib/armv7e-m/softfp/libg.a(lib_a-impure.o)
 .data          0x0000000000000000      0x430 /usr/lib/gcc/arm-none-eabi/5.4.1/../../../arm-none-eabi/lib/armv7e-m/softfp/libg.a(lib_a-impure.o)
 .bss           0x0000000000000000        0x0 /usr/lib/gcc/arm-none-eabi/5.4.1/../../../arm-none-eabi/lib/armv7e-m/softfp/libg.a(lib_a-impure.o)
 .rodata        0x0000000000000000        0x4 /usr/lib/gcc/arm-none-eabi/5.4.1/../../../arm-none-eabi/lib/armv7e-m/softfp/libg.a(lib_a-impure.o)
 .rodata.str1.4
                0x0000000000000000        0x2 /usr/lib/gcc/arm-none-eabi/5.4.1/../../../arm-none-eabi/lib/armv7e-m/softfp/libg.a(lib_a-impure.o)
 .debug_info    0x0000000000000000      0x89b /usr/lib/gcc/arm-none-eabi/5.4.1/../../../arm-none-eabi/lib/armv7e-m/softfp/libg.a(lib_a-impure.o)
 .debug_abbrev  0x0000000000000000      0x180 /usr/lib/gcc/arm-none-eabi/5.4.1/../../../arm-none-eabi/lib/armv7e-m/softfp/libg.a(lib_a-impure.o)
 .debug_aranges
                0x0000000000000000       0x18 /usr/lib/gcc/arm-none-eabi/5.4.1/../../../arm-none-eabi/lib/armv7e-m/softfp/libg.a(lib_a-impure.o)
 .debug_line    0x0000000000000000       0xe9 /usr/lib/gcc/arm-none-eabi/5.4.1/../../../arm-none-eabi/lib/armv7e-m/softfp/libg.a(lib_a-impure.o)
 .debug_str     0x0000000000000000      0x5b5 /usr/lib/gcc/arm-none-eabi/5.4.1/../../../arm-none-eabi/lib/armv7e-m/softfp/libg.a(lib_a-impure.o)
 .comment       0x0000000000000000       0x2c /usr/lib/gcc/arm-none-eabi/5.4.1/../../../arm-none-eabi/lib/armv7e-m/softfp/libg.a(lib_a-impure.o)
 .ARM.attributes
                0x0000000000000000       0x32 /usr/lib/gcc/arm-none-eabi/5.4.1/../../../arm-none-eabi/lib/armv7e-m/softfp/libg.a(lib_a-impure.o)
 .text          0x0000000000000000       0x50 /usr/lib/gcc/arm-none-eabi/5.4.1/../../../arm-none-eabi/lib/armv7e-m/softfp/libg.a(lib_a-init.o)
 .data          0x0000000000000000        0x0 /usr/lib/gcc/arm-none-eabi/5.4.1/../../../arm-none-eabi/lib/armv7e-m/softfp/libg.a(lib_a-init.o)
 .bss           0x0000000000000000        0x0 /usr/lib/gcc/arm-none-eabi/5.4.1/../../../arm-none-eabi/lib/armv7e-m/softfp/libg.a(lib_a-init.o)
 .debug_info    0x0000000000000000      0x110 /usr/lib/gcc/arm-none-eabi/5.4.1/../../../arm-none-eabi/lib/armv7e-m/softfp/libg.a(lib_a-init.o)
 .debug_abbrev  0x0000000000000000       0xba /usr/lib/gcc/arm-none-eabi/5.4.1/../../../arm-none-eabi/lib/armv7e-m/softfp/libg.a(lib_a-init.o)
 .debug_loc     0x0000000000000000       0xae /usr/lib/gcc/arm-none-eabi/5.4.1/../../../arm-none-eabi/lib/armv7e-m/softfp/libg.a(lib_a-init.o)
 .debug_aranges
                0x0000000000000000       0x20 /usr/lib/gcc/arm-none-eabi/5.4.1/../../../arm-none-eabi/lib/armv7e-m/softfp/libg.a(lib_a-init.o)
 .debug_line    0x0000000000000000       0xb8 /usr/lib/gcc/arm-none-eabi/5.4.1/../../../arm-none-eabi/lib/armv7e-m/softfp/libg.a(lib_a-init.o)
 .debug_str     0x0000000000000000      0x243 /usr/lib/gcc/arm-none-eabi/5.4.1/../../../arm-none-eabi/lib/armv7e-m/softfp/libg.a(lib_a-init.o)
 .comment       0x0000000000000000       0x2c /usr/lib/gcc/arm-none-eabi/5.4.1/../../../arm-none-eabi/lib/armv7e-m/softfp/libg.a(lib_a-init.o)
 .debug_frame   0x0000000000000000       0x2c /usr/lib/gcc/arm-none-eabi/5.4.1/../../../arm-none-eabi/lib/armv7e-m/softfp/libg.a(lib_a-init.o)
 .ARM.attributes
                0x0000000000000000       0x32 /usr/lib/gcc/arm-none-eabi/5.4.1/../../../arm-none-eabi/lib/armv7e-m/softfp/libg.a(lib_a-init.o)
 .text          0x0000000000000000       0x9c /usr/lib/gcc/arm-none-eabi/5.4.1/../../../arm-none-eabi/lib/armv7e-m/softfp/libg.a(lib_a-memset.o)
 .data          0x0000000000000000        0x0 /usr/lib/gcc/arm-none-eabi/5.4.1/../../../arm-none-eabi/lib/armv7e-m/softfp/libg.a(lib_a-memset.o)
 .bss           0x0000000000000000        0x0 /usr/lib/gcc/arm-none-eabi/5.4.1/../../../arm-none-eabi/lib/armv7e-m/softfp/libg.a(lib_a-memset.o)
 .debug_info    0x0000000000000000      0x11e /usr/lib/gcc/arm-none-eabi/5.4.1/../../../arm-none-eabi/lib/armv7e-m/softfp/libg.a(lib_a-memset.o)
 .debug_abbrev  0x0000000000000000       0x9f /usr/lib/gcc/arm-none-eabi/5.4.1/../../../arm-none-eabi/lib/armv7e-m/softfp/libg.a(lib_a-memset.o)
 .debug_loc     0x0000000000000000      0x1ae /usr/lib/gcc/arm-none-eabi/5.4.1/../../../arm-none-eabi/lib/armv7e-m/softfp/libg.a(lib_a-memset.o)
 .debug_aranges
                0x0000000000000000       0x20 /usr/lib/gcc/arm-none-eabi/5.4.1/../../../arm-none-eabi/lib/armv7e-m/softfp/libg.a(lib_a-memset.o)
 .debug_line    0x0000000000000000      0x111 /usr/lib/gcc/arm-none-eabi/5.4.1/../../../arm-none-eabi/lib/armv7e-m/softfp/libg.a(lib_a-memset.o)
 .debug_str     0x0000000000000000      0x1f8 /usr/lib/gcc/arm-none-eabi/5.4.1/../../../arm-none-eabi/lib/armv7e-m/softfp/libg.a(lib_a-memset.o)
 .comment       0x0000000000000000       0x2c /usr/lib/gcc/arm-none-eabi/5.4.1/../../../arm-none-eabi/lib/armv7e-m/softfp/libg.a(lib_a-memset.o)
 .debug_frame   0x0000000000000000       0x34 /usr/lib/gcc/arm-none-eabi/5.4.1/../../../arm-none-eabi/lib/armv7e-m/softfp/libg.a(lib_a-memset.o)
 .ARM.attributes
                0x0000000000000000       0x32 /usr/lib/gcc/arm-none-eabi/5.4.1/../../../arm-none-eabi/lib/armv7e-m/softfp/libg.a(lib_a-memset.o)
 .text          0x0000000000000000       0xa4 /usr/lib/gcc/arm-none-eabi/5.4.1/../../../arm-none-eabi/lib/armv7e-m/softfp/libg.a(lib_a-__atexit.o)
 .data          0x0000000000000000        0x0 /usr/lib/gcc/arm-none-eabi/5.4.1/../../../arm-none-eabi/lib/armv7e-m/softfp/libg.a(lib_a-__atexit.o)
 .bss           0x0000000000000000        0x0 /usr/lib/gcc/arm-none-eabi/5.4.1/../../../arm-none-eabi/lib/armv7e-m/softfp/libg.a(lib_a-__atexit.o)
 .debug_info    0x0000000000000000      0x92e /usr/lib/gcc/arm-none-eabi/5.4.1/../../../arm-none-eabi/lib/armv7e-m/softfp/libg.a(lib_a-__atexit.o)
 .debug_abbrev  0x0000000000000000      0x20f /usr/lib/gcc/arm-none-eabi/5.4.1/../../../arm-none-eabi/lib/armv7e-m/softfp/libg.a(lib_a-__atexit.o)
 .debug_loc     0x0000000000000000      0x197 /usr/lib/gcc/arm-none-eabi/5.4.1/../../../arm-none-eabi/lib/armv7e-m/softfp/libg.a(lib_a-__atexit.o)
 .debug_aranges
                0x0000000000000000       0x20 /usr/lib/gcc/arm-none-eabi/5.4.1/../../../arm-none-eabi/lib/armv7e-m/softfp/libg.a(lib_a-__atexit.o)
 .debug_line    0x0000000000000000      0x184 /usr/lib/gcc/arm-none-eabi/5.4.1/../../../arm-none-eabi/lib/armv7e-m/softfp/libg.a(lib_a-__atexit.o)
 .debug_str     0x0000000000000000      0x5f6 /usr/lib/gcc/arm-none-eabi/5.4.1/../../../arm-none-eabi/lib/armv7e-m/softfp/libg.a(lib_a-__atexit.o)
 .comment       0x0000000000000000       0x2c /usr/lib/gcc/arm-none-eabi/5.4.1/../../../arm-none-eabi/lib/armv7e-m/softfp/libg.a(lib_a-__atexit.o)
 .debug_frame   0x0000000000000000       0x34 /usr/lib/gcc/arm-none-eabi/5.4.1/../../../arm-none-eabi/lib/armv7e-m/softfp/libg.a(lib_a-__atexit.o)
 .ARM.attributes
                0x0000000000000000       0x32 /usr/lib/gcc/arm-none-eabi/5.4.1/../../../arm-none-eabi/lib/armv7e-m/softfp/libg.a(lib_a-__atexit.o)
 .text          0x0000000000000000       0xd8 /usr/lib/gcc/arm-none-eabi/5.4.1/../../../arm-none-eabi/lib/armv7e-m/softfp/libg.a(lib_a-__call_atexit.o)
 .data          0x0000000000000000        0x0 /usr/lib/gcc/arm-none-eabi/5.4.1/../../../arm-none-eabi/lib/armv7e-m/softfp/libg.a(lib_a-__call_atexit.o)
 .bss           0x0000000000000000        0x0 /usr/lib/gcc/arm-none-eabi/5.4.1/../../../arm-none-eabi/lib/armv7e-m/softfp/libg.a(lib_a-__call_atexit.o)
 .text.startup  0x0000000000000000       0x14 /usr/lib/gcc/arm-none-eabi/5.4.1/../../../arm-none-eabi/lib/armv7e-m/softfp/libg.a(lib_a-__call_atexit.o)
 .init_array.00000
                0x0000000000000000        0x4 /usr/lib/gcc/arm-none-eabi/5.4.1/../../../arm-none-eabi/lib/armv7e-m/softfp/libg.a(lib_a-__call_atexit.o)
 .debug_info    0x0000000000000000      0x9a5 /usr/lib/gcc/arm-none-eabi/5.4.1/../../../arm-none-eabi/lib/armv7e-m/softfp/libg.a(lib_a-__call_atexit.o)
 .debug_abbrev  0x0000000000000000      0x270 /usr/lib/gcc/arm-none-eabi/5.4.1/../../../arm-none-eabi/lib/armv7e-m/softfp/libg.a(lib_a-__call_atexit.o)
 .debug_loc     0x0000000000000000      0x17b /usr/lib/gcc/arm-none-eabi/5.4.1/../../../arm-none-eabi/lib/armv7e-m/softfp/libg.a(lib_a-__call_atexit.o)
 .debug_aranges
                0x0000000000000000       0x28 /usr/lib/gcc/arm-none-eabi/5.4.1/../../../arm-none-eabi/lib/armv7e-m/softfp/libg.a(lib_a-__call_atexit.o)
 .debug_ranges  0x0000000000000000       0x38 /usr/lib/gcc/arm-none-eabi/5.4.1/../../../arm-none-eabi/lib/armv7e-m/softfp/libg.a(lib_a-__call_atexit.o)
 .debug_line    0x0000000000000000      0x1b0 /usr/lib/gcc/arm-none-eabi/5.4.1/../../../arm-none-eabi/lib/armv7e-m/softfp/libg.a(lib_a-__call_atexit.o)
 .debug_str     0x0000000000000000      0x615 /usr/lib/gcc/arm-none-eabi/5.4.1/../../../arm-none-eabi/lib/armv7e-m/softfp/libg.a(lib_a-__call_atexit.o)
 .comment       0x0000000000000000       0x2c /usr/lib/gcc/arm-none-eabi/5.4.1/../../../arm-none-eabi/lib/armv7e-m/softfp/libg.a(lib_a-__call_atexit.o)
 .debug_frame   0x0000000000000000       0x50 /usr/lib/gcc/arm-none-eabi/5.4.1/../../../arm-none-eabi/lib/armv7e-m/softfp/libg.a(lib_a-__call_atexit.o)
 .ARM.attributes
                0x0000000000000000       0x32 /usr/lib/gcc/arm-none-eabi/5.4.1/../../../arm-none-eabi/lib/armv7e-m/softfp/libg.a(lib_a-__call_atexit.o)
 .text          0x0000000000000000        0x0 /usr/lib/gcc/arm-none-eabi/5.4.1/armv7e-m/softfp/crtend.o
 .data          0x0000000000000000        0x0 /usr/lib/gcc/arm-none-eabi/5.4.1/armv7e-m/softfp/crtend.o
 .bss           0x0000000000000000        0x0 /usr/lib/gcc/arm-none-eabi/5.4.1/armv7e-m/softfp/crtend.o
 .eh_frame      0x0000000000000000        0x4 /usr/lib/gcc/arm-none-eabi/5.4.1/armv7e-m/softfp/crtend.o
 .jcr           0x0000000000000000        0x4 /usr/lib/gcc/arm-none-eabi/5.4.1/armv7e-m/softfp/crtend.o
 .tm_clone_table
                0x0000000000000000        0x0 /usr/lib/gcc/arm-none-eabi/5.4.1/armv7e-m/softfp/crtend.o
 .comment       0x0000000000000000       0x2c /usr/lib/gcc/arm-none-eabi/5.4.1/armv7e-m/softfp/crtend.o
 .ARM.attributes
                0x0000000000000000       0x32 /usr/lib/gcc/arm-none-eabi/5.4.1/armv7e-m/softfp/crtend.o
 .text          0x0000000000000000        0x0 /usr/lib/gcc/arm-none-eabi/5.4.1/armv7e-m/softfp/crtn.o
 .data          0x0000000000000000        0x0 /usr/lib/gcc/arm-none-eabi/5.4.1/armv7e-m/softfp/crtn.o
 .bss           0x0000000000000000        0x0 /usr/lib/gcc/arm-none-eabi/5.4.1/armv7e-m/softfp/crtn.o

Memory Configuration

Name             Origin             Length             Attributes
FLASH            0x0000000000000000 0x0000000000040000 xr
SRAM             0x0000000020000000 0x0000000000008000 xrw
*default*        0x0000000000000000 0xffffffffffffffff

Linker script and memory map

LOAD /usr/lib/gcc/arm-none-eabi/5.4.1/armv7e-m/softfp/crti.o
LOAD /usr/lib/gcc/arm-none-eabi/5.4.1/armv7e-m/softfp/crtbegin.o
LOAD /usr/lib/gcc/arm-none-eabi/5.4.1/../../../arm-none-eabi/lib/armv7e-m/softfp/crt0.o
LOAD ./src/LCD1602.o
LOAD ./src/PLL_80MHZ.o
LOAD ./src/SYSTICK.o
LOAD ./src/main.o
LOAD ./src/startup_gcc.o
LOAD ./SW-EK-LM4F120XL-9453/utils/uartstdio.o
LOAD /home/student/eclipse-workspace/Stellaris_LaunchPad/SW-EK-LM4F120XL-9453/driverlib/gcc/libdriver.a
START GROUP
LOAD /usr/lib/gcc/arm-none-eabi/5.4.1/armv7e-m/softfp/libgcc.a
LOAD /usr/lib/gcc/arm-none-eabi/5.4.1/../../../arm-none-eabi/lib/armv7e-m/softfp/libg.a
LOAD /usr/lib/gcc/arm-none-eabi/5.4.1/../../../arm-none-eabi/lib/armv7e-m/softfp/libc.a
END GROUP
LOAD /usr/lib/gcc/arm-none-eabi/5.4.1/armv7e-m/softfp/crtend.o
LOAD /usr/lib/gcc/arm-none-eabi/5.4.1/armv7e-m/softfp/crtn.o

.text           0x0000000000000000      0x6ec
                0x0000000000000000                _text = .
 *(.isr_vector)
 .isr_vector    0x0000000000000000      0x26c ./src/startup_gcc.o
                0x0000000000000000                g_pfnVectors
 *(.text*)
 .text.GPIO_PortAB_Init
                0x000000000000026c       0xf8 ./src/LCD1602.o
                0x000000000000026c                GPIO_PortAB_Init
 .text.Write_Command
                0x0000000000000364       0x5c ./src/LCD1602.o
                0x0000000000000364                Write_Command
 .text.Write_Data
                0x00000000000003c0       0x50 ./src/LCD1602.o
                0x00000000000003c0                Write_Data
 .text.LCD1602_Init
                0x0000000000000410       0x44 ./src/LCD1602.o
                0x0000000000000410                LCD1602_Init
 .text.LCD1602_DisplayString
                0x0000000000000454       0x28 ./src/LCD1602.o
                0x0000000000000454                LCD1602_DisplayString
 .text.LCD1602_DisplayPosition
                0x000000000000047c       0x24 ./src/LCD1602.o
                0x000000000000047c                LCD1602_DisplayPosition
 .text.PLL_Init80MHZ
                0x00000000000004a0       0x90 ./src/PLL_80MHZ.o
                0x00000000000004a0                PLL_Init80MHZ
 .text.SysTick_Init
                0x0000000000000530       0x20 ./src/SYSTICK.o
                0x0000000000000530                SysTick_Init
 .text.SysTick_Delay
                0x0000000000000550       0x3c ./src/SYSTICK.o
                0x0000000000000550                SysTick_Delay
 .text.SysTick_Delay1us
                0x000000000000058c       0x2c ./src/SYSTICK.o
                0x000000000000058c                SysTick_Delay1us
 .text.SysTick_Delay1ms
                0x00000000000005b8       0x30 ./src/SYSTICK.o
                0x00000000000005b8                SysTick_Delay1ms
 .text.main     0x00000000000005e8       0x68 ./src/main.o
                0x00000000000005e8                main
 .text.ResetISR
                0x0000000000000650       0x6c ./src/startup_gcc.o
                0x0000000000000650                ResetISR
 .text.NmiSR    0x00000000000006bc        0x8 ./src/startup_gcc.o
 .text.FaultISR
                0x00000000000006c4        0x8 ./src/startup_gcc.o
 .text.IntDefaultHandler
                0x00000000000006cc        0x8 ./src/startup_gcc.o
 *(.rodata*)
 *(.init)
 .init          0x00000000000006d4        0x4 /usr/lib/gcc/arm-none-eabi/5.4.1/armv7e-m/softfp/crti.o
                0x00000000000006d4                _init
 .init          0x00000000000006d8        0x8 /usr/lib/gcc/arm-none-eabi/5.4.1/armv7e-m/softfp/crtn.o
 *(.fini)
 .fini          0x00000000000006e0        0x4 /usr/lib/gcc/arm-none-eabi/5.4.1/armv7e-m/softfp/crti.o
                0x00000000000006e0                _fini
 .fini          0x00000000000006e4        0x8 /usr/lib/gcc/arm-none-eabi/5.4.1/armv7e-m/softfp/crtn.o
                0x00000000000006ec                _etext = .

.glue_7         0x00000000000006ec        0x0
 .glue_7        0x00000000000006ec        0x0 linker stubs

.glue_7t        0x00000000000006ec        0x0
 .glue_7t       0x00000000000006ec        0x0 linker stubs

.vfp11_veneer   0x00000000000006ec        0x0
 .vfp11_veneer  0x00000000000006ec        0x0 linker stubs

.v4_bx          0x00000000000006ec        0x0
 .v4_bx         0x00000000000006ec        0x0 linker stubs

.iplt           0x00000000000006ec        0x0
 .iplt          0x00000000000006ec        0x0 /usr/lib/gcc/arm-none-eabi/5.4.1/armv7e-m/softfp/crtbegin.o

.rel.dyn        0x00000000000006ec        0x0
 .rel.iplt      0x00000000000006ec        0x0 /usr/lib/gcc/arm-none-eabi/5.4.1/armv7e-m/softfp/crtbegin.o

.data           0x0000000020000000       0x14 load address 0x00000000000006ec
                0x0000000020000000                _data = .
 *(vtable)
 *(.data*)
 .data.msg1     0x0000000020000000        0x5 ./src/main.o
                0x0000000020000000                msg1
 *fill*         0x0000000020000005        0x3 
 .data.msg      0x0000000020000008        0x4 ./src/main.o
                0x0000000020000008                msg
 .data.nokta    0x000000002000000c        0x2 ./src/main.o
                0x000000002000000c                nokta
 *fill*         0x000000002000000e        0x2 
 .data.nn       0x0000000020000010        0x4 ./src/main.o
                0x0000000020000010                nn
                0x0000000020000014                _edata = .

.igot.plt       0x0000000020000014        0x0 load address 0x0000000000000700
 .igot.plt      0x0000000020000014        0x0 /usr/lib/gcc/arm-none-eabi/5.4.1/armv7e-m/softfp/crtbegin.o

.bss            0x0000000020000014      0x200 load address 0x0000000000000700
                0x0000000020000014                _bss = .
 *(.bss*)
 .bss.pulStack  0x0000000020000014      0x200 ./src/startup_gcc.o
 *(COMMON)
                0x0000000020000214                _ebss = .
OUTPUT(Stellaris_LaunchPad.elf elf32-littlearm)

.ARM.attributes
                0x0000000000000000       0x2e
 .ARM.attributes
                0x0000000000000000       0x22 /usr/lib/gcc/arm-none-eabi/5.4.1/armv7e-m/softfp/crti.o
 .ARM.attributes
                0x0000000000000022       0x37 ./src/LCD1602.o
 .ARM.attributes
                0x0000000000000059       0x37 ./src/PLL_80MHZ.o
 .ARM.attributes
                0x0000000000000090       0x37 ./src/SYSTICK.o
 .ARM.attributes
                0x00000000000000c7       0x37 ./src/main.o
 .ARM.attributes
                0x00000000000000fe       0x37 ./src/startup_gcc.o
 .ARM.attributes
                0x0000000000000135       0x22 /usr/lib/gcc/arm-none-eabi/5.4.1/armv7e-m/softfp/crtn.o

.comment        0x0000000000000000       0x2b
 .comment       0x0000000000000000       0x2b ./src/LCD1602.o
                                         0x2c (size before relaxing)
 .comment       0x000000000000002b       0x2c ./src/PLL_80MHZ.o
 .comment       0x000000000000002b       0x2c ./src/SYSTICK.o
 .comment       0x000000000000002b       0x2c ./src/main.o
 .comment       0x000000000000002b       0x2c ./src/startup_gcc.o

.debug_info     0x0000000000000000      0xe4e
 .debug_info    0x0000000000000000      0x9e2 ./src/LCD1602.o
 .debug_info    0x00000000000009e2       0x81 ./src/PLL_80MHZ.o
 .debug_info    0x0000000000000a63      0x101 ./src/SYSTICK.o
 .debug_info    0x0000000000000b64      0x1c9 ./src/main.o
 .debug_info    0x0000000000000d2d      0x121 ./src/startup_gcc.o

.debug_abbrev   0x0000000000000000      0x454
 .debug_abbrev  0x0000000000000000      0x203 ./src/LCD1602.o
 .debug_abbrev  0x0000000000000203       0x45 ./src/PLL_80MHZ.o
 .debug_abbrev  0x0000000000000248       0xaf ./src/SYSTICK.o
 .debug_abbrev  0x00000000000002f7       0xb1 ./src/main.o
 .debug_abbrev  0x00000000000003a8       0xac ./src/startup_gcc.o

.debug_aranges  0x0000000000000000      0x118
 .debug_aranges
                0x0000000000000000       0x68 ./src/LCD1602.o
 .debug_aranges
                0x0000000000000068       0x20 ./src/PLL_80MHZ.o
 .debug_aranges
                0x0000000000000088       0x38 ./src/SYSTICK.o
 .debug_aranges
                0x00000000000000c0       0x20 ./src/main.o
 .debug_aranges
                0x00000000000000e0       0x38 ./src/startup_gcc.o

.debug_ranges   0x0000000000000000       0xc8
 .debug_ranges  0x0000000000000000       0x58 ./src/LCD1602.o
 .debug_ranges  0x0000000000000058       0x10 ./src/PLL_80MHZ.o
 .debug_ranges  0x0000000000000068       0x28 ./src/SYSTICK.o
 .debug_ranges  0x0000000000000090       0x10 ./src/main.o
 .debug_ranges  0x00000000000000a0       0x28 ./src/startup_gcc.o

.debug_macro    0x0000000000000000     0xc8de
 .debug_macro   0x0000000000000000      0x1c8 ./src/LCD1602.o
 .debug_macro   0x00000000000001c8      0x880 ./src/LCD1602.o
 .debug_macro   0x0000000000000a48       0x22 ./src/LCD1602.o
 .debug_macro   0x0000000000000a6a       0x87 ./src/LCD1602.o
 .debug_macro   0x0000000000000af1       0x44 ./src/LCD1602.o
 .debug_macro   0x0000000000000b35       0xfd ./src/LCD1602.o
 .debug_macro   0x0000000000000c32       0x5e ./src/LCD1602.o
 .debug_macro   0x0000000000000c90      0x1df ./src/LCD1602.o
 .debug_macro   0x0000000000000e6f       0x52 ./src/LCD1602.o
 .debug_macro   0x0000000000000ec1       0x35 ./src/LCD1602.o
 .debug_macro   0x0000000000000ef6       0x9c ./src/LCD1602.o
 .debug_macro   0x0000000000000f92       0x16 ./src/LCD1602.o
 .debug_macro   0x0000000000000fa8       0x97 ./src/LCD1602.o
 .debug_macro   0x000000000000103f      0x30d ./src/LCD1602.o
 .debug_macro   0x000000000000134c       0xfd ./src/LCD1602.o
 .debug_macro   0x0000000000001449       0x10 ./src/LCD1602.o
 .debug_macro   0x0000000000001459       0x52 ./src/LCD1602.o
 .debug_macro   0x00000000000014ab       0x1f ./src/LCD1602.o
 .debug_macro   0x00000000000014ca       0x43 ./src/LCD1602.o
 .debug_macro   0x000000000000150d       0x20 ./src/LCD1602.o
 .debug_macro   0x000000000000152d      0x187 ./src/LCD1602.o
 .debug_macro   0x00000000000016b4       0x10 ./src/LCD1602.o
 .debug_macro   0x00000000000016c4       0x1c ./src/LCD1602.o
 .debug_macro   0x00000000000016e0       0x52 ./src/LCD1602.o
 .debug_macro   0x0000000000001732       0x40 ./src/LCD1602.o
 .debug_macro   0x0000000000001772       0x10 ./src/LCD1602.o
 .debug_macro   0x0000000000001782       0x40 ./src/LCD1602.o
 .debug_macro   0x00000000000017c2       0xd7 ./src/LCD1602.o
 .debug_macro   0x0000000000001899       0x16 ./src/LCD1602.o
 .debug_macro   0x00000000000018af      0x189 ./src/LCD1602.o
 .debug_macro   0x0000000000001a38     0x8fd8 ./src/LCD1602.o
 .debug_macro   0x000000000000aa10       0x10 ./src/LCD1602.o
 .debug_macro   0x000000000000aa20       0x70 ./src/PLL_80MHZ.o
 .debug_macro   0x000000000000aa90       0x70 ./src/SYSTICK.o
 .debug_macro   0x000000000000ab00      0x1ba ./src/main.o
 .debug_macro   0x000000000000acba       0x23 ./src/startup_gcc.o
 .debug_macro   0x000000000000acdd     0x1b37 ./src/startup_gcc.o
 .debug_macro   0x000000000000c814       0xca ./src/startup_gcc.o

.debug_line     0x0000000000000000      0xab2
 .debug_line    0x0000000000000000      0x377 ./src/LCD1602.o
 .debug_line    0x0000000000000377      0x19e ./src/PLL_80MHZ.o
 .debug_line    0x0000000000000515      0x1e6 ./src/SYSTICK.o
 .debug_line    0x00000000000006fb      0x2bc ./src/main.o
 .debug_line    0x00000000000009b7       0xfb ./src/startup_gcc.o

.debug_str      0x0000000000000000    0x38e52
 .debug_str     0x0000000000000000    0x36882 ./src/LCD1602.o
                                      0x36a82 (size before relaxing)
 .debug_str     0x0000000000036882       0x21 ./src/PLL_80MHZ.o
                                      0x32a97 (size before relaxing)
 .debug_str     0x00000000000368a3       0x4e ./src/SYSTICK.o
                                      0x32aca (size before relaxing)
 .debug_str     0x00000000000368f1       0x82 ./src/main.o
                                      0x36655 (size before relaxing)
 .debug_str     0x0000000000036973     0x24df ./src/startup_gcc.o
                                       0x9dba (size before relaxing)

.debug_frame    0x0000000000000000      0x2e8
 .debug_frame   0x0000000000000000      0x16c ./src/LCD1602.o
 .debug_frame   0x000000000000016c       0x30 ./src/PLL_80MHZ.o
 .debug_frame   0x000000000000019c       0xa0 ./src/SYSTICK.o
 .debug_frame   0x000000000000023c       0x30 ./src/main.o
 .debug_frame   0x000000000000026c       0x7c ./src/startup_gcc.o
